
-----------------------------------------------------------
intro
-----------------------------------------------------------

intro-story

Your choices are:
1) go-to-arc-1
2) go-to-arc-2
What will you do?

-----------------------------------------------------------
arc2
-----------------------------------------------------------

arc2-story

Your choices are:
1) go-to-intro
What will you do?

-----------------------------------------------------------
intro
-----------------------------------------------------------

intro-story

Your choices are:
1) go-to-arc-1
2) go-to-arc-2
What will you do?

-----------------------------------------------------------
arc1
-----------------------------------------------------------

arc1-story

--------------------------The End--------------------------
